[INFO] Scanning for projects...
[INFO] 
[INFO] --------------------< tn.esprit:student-management >--------------------
[INFO] Building student-management 0.0.1-SNAPSHOT
[INFO]   from pom.xml
[INFO] --------------------------------[ jar ]---------------------------------
[INFO] 
[INFO] --- clean:3.4.1:clean (default-clean) @ student-management ---
[INFO] Deleting C:\Users\Mega-Pc\Downloads\pipeline\pipeline-main\target
[INFO] 
[INFO] --- jacoco:0.8.11:prepare-agent (default) @ student-management ---
[INFO] Skipping JaCoCo execution because property jacoco.skip is set.
[INFO] argLine set to empty
[INFO] 
[INFO] --- resources:3.3.1:resources (default-resources) @ student-management ---
[INFO] Copying 1 resource from src\main\resources to target\classes
[INFO] Copying 0 resource from src\main\resources to target\classes
[INFO] 
[INFO] --- compiler:3.14.0:compile (default-compile) @ student-management ---
[INFO] Recompiling the module because of changed source code.
[INFO] Compiling 20 source files with javac [debug parameters release 17] to target\classes
[INFO] 
[INFO] --- resources:3.3.1:testResources (default-testResources) @ student-management ---
[INFO] skip non existing resourceDirectory C:\Users\Mega-Pc\Downloads\pipeline\pipeline-main\src\test\resources
[INFO] 
[INFO] --- compiler:3.14.0:testCompile (default-testCompile) @ student-management ---
[INFO] Recompiling the module because of changed dependency.
[INFO] Compiling 9 source files with javac [debug parameters release 17] to target\test-classes
[INFO] -------------------------------------------------------------
[WARNING] COMPILATION WARNING : 
[INFO] -------------------------------------------------------------
[WARNING] /C:/Users/Mega-Pc/Downloads/pipeline/pipeline-main/src/test/java/tn/esprit/studentmanagement/StudentManagementApplicationTests.java:[26,6] org.springframework.boot.test.mock.mockito.MockBean in org.springframework.boot.test.mock.mockito has been deprecated and marked for removal
[WARNING] /C:/Users/Mega-Pc/Downloads/pipeline/pipeline-main/src/test/java/tn/esprit/studentmanagement/controllers/DepartmentControllerTest.java:[23,6] org.springframework.boot.test.mock.mockito.MockBean in org.springframework.boot.test.mock.mockito has been deprecated and marked for removal
[WARNING] /C:/Users/Mega-Pc/Downloads/pipeline/pipeline-main/src/test/java/tn/esprit/studentmanagement/controllers/EnrollmentControllerTest.java:[23,6] org.springframework.boot.test.mock.mockito.MockBean in org.springframework.boot.test.mock.mockito has been deprecated and marked for removal
[WARNING] /C:/Users/Mega-Pc/Downloads/pipeline/pipeline-main/src/test/java/tn/esprit/studentmanagement/controllers/StudentControllerMoreTest.java:[22,6] org.springframework.boot.test.mock.mockito.MockBean in org.springframework.boot.test.mock.mockito has been deprecated and marked for removal
[INFO] 4 warnings 
[INFO] -------------------------------------------------------------
[INFO] -------------------------------------------------------------
[ERROR] COMPILATION ERROR : 
[INFO] -------------------------------------------------------------
[ERROR] /C:/Users/Mega-Pc/Downloads/pipeline/pipeline-main/src/test/java/tn/esprit/studentmanagement/services/CourseServiceTest.java:[29,26] constructor StudentService in class tn.esprit.studentmanagement.services.StudentService cannot be applied to given types;
  required: no arguments
  found:    tn.esprit.studentmanagement.repositories.StudentRepository
  reason: actual and formal argument lists differ in length
[ERROR] /C:/Users/Mega-Pc/Downloads/pipeline/pipeline-main/src/test/java/tn/esprit/studentmanagement/services/CourseServiceTest.java:[55,21] no suitable constructor found for Student(no arguments)
    constructor tn.esprit.studentmanagement.entities.Student.Student(java.lang.Long,java.lang.String,java.lang.String) is not applicable
      (actual and formal argument lists differ in length)
    constructor tn.esprit.studentmanagement.entities.Student.Student(java.lang.Long,java.lang.String,java.lang.String,java.lang.String,java.lang.String,java.time.LocalDate,java.lang.String,tn.esprit.studentmanagement.entities.Department,java.util.List<tn.esprit.studentmanagement.entities.Enrollment>) is not applicable
      (actual and formal argument lists differ in length)
[ERROR] /C:/Users/Mega-Pc/Downloads/pipeline/pipeline-main/src/test/java/tn/esprit/studentmanagement/services/CourseServiceTest.java:[56,10] cannot find symbol
  symbol:   method setFirstName(java.lang.String)
  location: variable s of type tn.esprit.studentmanagement.entities.Student
[ERROR] /C:/Users/Mega-Pc/Downloads/pipeline/pipeline-main/src/test/java/tn/esprit/studentmanagement/services/CourseServiceTest.java:[57,10] cannot find symbol
  symbol:   method setLastName(java.lang.String)
  location: variable s of type tn.esprit.studentmanagement.entities.Student
[ERROR] /C:/Users/Mega-Pc/Downloads/pipeline/pipeline-main/src/test/java/tn/esprit/studentmanagement/services/CourseServiceTest.java:[64,36] cannot find symbol
  symbol:   method getFirstName()
  location: variable result of type tn.esprit.studentmanagement.entities.Student
[ERROR] /C:/Users/Mega-Pc/Downloads/pipeline/pipeline-main/src/test/java/tn/esprit/studentmanagement/services/CourseServiceTest.java:[79,21] no suitable constructor found for Student(no arguments)
    constructor tn.esprit.studentmanagement.entities.Student.Student(java.lang.Long,java.lang.String,java.lang.String) is not applicable
      (actual and formal argument lists differ in length)
    constructor tn.esprit.studentmanagement.entities.Student.Student(java.lang.Long,java.lang.String,java.lang.String,java.lang.String,java.lang.String,java.time.LocalDate,java.lang.String,tn.esprit.studentmanagement.entities.Department,java.util.List<tn.esprit.studentmanagement.entities.Enrollment>) is not applicable
      (actual and formal argument lists differ in length)
[ERROR] /C:/Users/Mega-Pc/Downloads/pipeline/pipeline-main/src/test/java/tn/esprit/studentmanagement/services/CourseServiceTest.java:[80,10] cannot find symbol
  symbol:   method setIdStudent(long)
  location: variable s of type tn.esprit.studentmanagement.entities.Student
[ERROR] /C:/Users/Mega-Pc/Downloads/pipeline/pipeline-main/src/test/java/tn/esprit/studentmanagement/services/CourseServiceTest.java:[81,10] cannot find symbol
  symbol:   method setFirstName(java.lang.String)
  location: variable s of type tn.esprit.studentmanagement.entities.Student
[ERROR] /C:/Users/Mega-Pc/Downloads/pipeline/pipeline-main/src/test/java/tn/esprit/studentmanagement/services/CourseServiceTest.java:[85,40] cannot find symbol
  symbol:   method updateStudent(tn.esprit.studentmanagement.entities.Student)
  location: variable studentService of type tn.esprit.studentmanagement.services.StudentService
[ERROR] /C:/Users/Mega-Pc/Downloads/pipeline/pipeline-main/src/test/java/tn/esprit/studentmanagement/services/CourseServiceTest.java:[88,39] cannot find symbol
  symbol:   method getFirstName()
  location: variable result of type tn.esprit.studentmanagement.entities.Student
[ERROR] /C:/Users/Mega-Pc/Downloads/pipeline/pipeline-main/src/test/java/tn/esprit/studentmanagement/services/CourseServiceTest.java:[96,25] no suitable constructor found for Student(no arguments)
    constructor tn.esprit.studentmanagement.entities.Student.Student(java.lang.Long,java.lang.String,java.lang.String) is not applicable
      (actual and formal argument lists differ in length)
    constructor tn.esprit.studentmanagement.entities.Student.Student(java.lang.Long,java.lang.String,java.lang.String,java.lang.String,java.lang.String,java.time.LocalDate,java.lang.String,tn.esprit.studentmanagement.entities.Department,java.util.List<tn.esprit.studentmanagement.entities.Enrollment>) is not applicable
      (actual and formal argument lists differ in length)
[ERROR] /C:/Users/Mega-Pc/Downloads/pipeline/pipeline-main/src/test/java/tn/esprit/studentmanagement/services/CourseServiceTest.java:[97,14] cannot find symbol
  symbol:   method setIdStudent(long)
  location: variable s of type tn.esprit.studentmanagement.entities.Student
[INFO] 12 errors 
[INFO] -------------------------------------------------------------
[INFO] ------------------------------------------------------------------------
[INFO] BUILD FAILURE
[INFO] ------------------------------------------------------------------------
[INFO] Total time:  4.218 s
[INFO] Finished at: 2025-12-04T01:31:48+01:00
[INFO] ------------------------------------------------------------------------
[ERROR] Failed to execute goal org.apache.maven.plugins:maven-compiler-plugin:3.14.0:testCompile (default-testCompile) on project student-management: Compilation failure: Compilation failure: 
[ERROR] /C:/Users/Mega-Pc/Downloads/pipeline/pipeline-main/src/test/java/tn/esprit/studentmanagement/services/CourseServiceTest.java:[29,26] constructor StudentService in class tn.esprit.studentmanagement.services.StudentService cannot be applied to given types;
[ERROR]   required: no arguments
[ERROR]   found:    tn.esprit.studentmanagement.repositories.StudentRepository
[ERROR]   reason: actual and formal argument lists differ in length
[ERROR] /C:/Users/Mega-Pc/Downloads/pipeline/pipeline-main/src/test/java/tn/esprit/studentmanagement/services/CourseServiceTest.java:[55,21] no suitable constructor found for Student(no arguments)
[ERROR]     constructor tn.esprit.studentmanagement.entities.Student.Student(java.lang.Long,java.lang.String,java.lang.String) is not applicable
[ERROR]       (actual and formal argument lists differ in length)
[ERROR]     constructor tn.esprit.studentmanagement.entities.Student.Student(java.lang.Long,java.lang.String,java.lang.String,java.lang.String,java.lang.String,java.time.LocalDate,java.lang.String,tn.esprit.studentmanagement.entities.Department,java.util.List<tn.esprit.studentmanagement.entities.Enrollment>) is not applicable
[ERROR]       (actual and formal argument lists differ in length)
[ERROR] /C:/Users/Mega-Pc/Downloads/pipeline/pipeline-main/src/test/java/tn/esprit/studentmanagement/services/CourseServiceTest.java:[56,10] cannot find symbol
[ERROR]   symbol:   method setFirstName(java.lang.String)
[ERROR]   location: variable s of type tn.esprit.studentmanagement.entities.Student
[ERROR] /C:/Users/Mega-Pc/Downloads/pipeline/pipeline-main/src/test/java/tn/esprit/studentmanagement/services/CourseServiceTest.java:[57,10] cannot find symbol
[ERROR]   symbol:   method setLastName(java.lang.String)
[ERROR]   location: variable s of type tn.esprit.studentmanagement.entities.Student
[ERROR] /C:/Users/Mega-Pc/Downloads/pipeline/pipeline-main/src/test/java/tn/esprit/studentmanagement/services/CourseServiceTest.java:[64,36] cannot find symbol
[ERROR]   symbol:   method getFirstName()
[ERROR]   location: variable result of type tn.esprit.studentmanagement.entities.Student
[ERROR] /C:/Users/Mega-Pc/Downloads/pipeline/pipeline-main/src/test/java/tn/esprit/studentmanagement/services/CourseServiceTest.java:[79,21] no suitable constructor found for Student(no arguments)
[ERROR]     constructor tn.esprit.studentmanagement.entities.Student.Student(java.lang.Long,java.lang.String,java.lang.String) is not applicable
[ERROR]       (actual and formal argument lists differ in length)
[ERROR]     constructor tn.esprit.studentmanagement.entities.Student.Student(java.lang.Long,java.lang.String,java.lang.String,java.lang.String,java.lang.String,java.time.LocalDate,java.lang.String,tn.esprit.studentmanagement.entities.Department,java.util.List<tn.esprit.studentmanagement.entities.Enrollment>) is not applicable
[ERROR]       (actual and formal argument lists differ in length)
[ERROR] /C:/Users/Mega-Pc/Downloads/pipeline/pipeline-main/src/test/java/tn/esprit/studentmanagement/services/CourseServiceTest.java:[80,10] cannot find symbol
[ERROR]   symbol:   method setIdStudent(long)
[ERROR]   location: variable s of type tn.esprit.studentmanagement.entities.Student
[ERROR] /C:/Users/Mega-Pc/Downloads/pipeline/pipeline-main/src/test/java/tn/esprit/studentmanagement/services/CourseServiceTest.java:[81,10] cannot find symbol
[ERROR]   symbol:   method setFirstName(java.lang.String)
[ERROR]   location: variable s of type tn.esprit.studentmanagement.entities.Student
[ERROR] /C:/Users/Mega-Pc/Downloads/pipeline/pipeline-main/src/test/java/tn/esprit/studentmanagement/services/CourseServiceTest.java:[85,40] cannot find symbol
[ERROR]   symbol:   method updateStudent(tn.esprit.studentmanagement.entities.Student)
[ERROR]   location: variable studentService of type tn.esprit.studentmanagement.services.StudentService
[ERROR] /C:/Users/Mega-Pc/Downloads/pipeline/pipeline-main/src/test/java/tn/esprit/studentmanagement/services/CourseServiceTest.java:[88,39] cannot find symbol
[ERROR]   symbol:   method getFirstName()
[ERROR]   location: variable result of type tn.esprit.studentmanagement.entities.Student
[ERROR] /C:/Users/Mega-Pc/Downloads/pipeline/pipeline-main/src/test/java/tn/esprit/studentmanagement/services/CourseServiceTest.java:[96,25] no suitable constructor found for Student(no arguments)
[ERROR]     constructor tn.esprit.studentmanagement.entities.Student.Student(java.lang.Long,java.lang.String,java.lang.String) is not applicable
[ERROR]       (actual and formal argument lists differ in length)
[ERROR]     constructor tn.esprit.studentmanagement.entities.Student.Student(java.lang.Long,java.lang.String,java.lang.String,java.lang.String,java.lang.String,java.time.LocalDate,java.lang.String,tn.esprit.studentmanagement.entities.Department,java.util.List<tn.esprit.studentmanagement.entities.Enrollment>) is not applicable
[ERROR]       (actual and formal argument lists differ in length)
[ERROR] /C:/Users/Mega-Pc/Downloads/pipeline/pipeline-main/src/test/java/tn/esprit/studentmanagement/services/CourseServiceTest.java:[97,14] cannot find symbol
[ERROR]   symbol:   method setIdStudent(long)
[ERROR]   location: variable s of type tn.esprit.studentmanagement.entities.Student
[ERROR] -> [Help 1]
[ERROR] 
[ERROR] To see the full stack trace of the errors, re-run Maven with the -e switch.
[ERROR] Re-run Maven using the -X switch to enable full debug logging.
[ERROR] 
[ERROR] For more information about the errors and possible solutions, please read the following articles:
[ERROR] [Help 1] http://cwiki.apache.org/confluence/display/MAVEN/MojoFailureException
